[www.themezaa.com/html/leadgen/demo/hotel/index.html]
[backblue.gif]
[fade.gif]
[index.html]
[www.themezaa.com/html/leadgen/demo/hotel/images/icon/favicon.png]
[www.themezaa.com/html/leadgen/demo/hotel/css/animate.css]
[www.themezaa.com/html/leadgen/demo/hotel/css/bootstrap.min.css]
[www.themezaa.com/html/leadgen/demo/hotel/css/font-awesome.min.css]
[www.themezaa.com/html/leadgen/demo/hotel/css/themify-icons.css]
[www.themezaa.com/html/leadgen/demo/hotel/css/owl.transitions.css]
[www.themezaa.com/html/leadgen/demo/hotel/css/owl.carousel.css]
[www.themezaa.com/html/leadgen/demo/hotel/css/magnific-popup.css]
[www.themezaa.com/html/leadgen/demo/hotel/css/base.css]
[www.themezaa.com/html/leadgen/demo/hotel/css/elements.css]
[www.themezaa.com/html/leadgen/demo/hotel/css/responsive.css]
[www.themezaa.com/html/leadgen/demo/hotel/images/logo-white.png]
[www.themezaa.com/html/leadgen/demo/hotel/images/bg-image/wedding-slider-01.jpg]
[www.themezaa.com/html/leadgen/demo/hotel/images/bg-image/wedding-slider-03.jpg]
[www.themezaa.com/html/leadgen/demo/hotel/images/bg-image/wedding-slider-02.jpg]
[www.themezaa.com/html/leadgen/demo/hotel/images/application-screenshot-img-06.png]
[www.themezaa.com/html/leadgen/demo/hotel/images/agency-blog-img01.jpg]
[www.themezaa.com/html/leadgen/demo/hotel/images/agency-blog-img02.jpg]
[www.themezaa.com/html/leadgen/demo/hotel/images/agency-blog-img03.jpg]
[www.themezaa.com/html/leadgen/demo/hotel/images/agency-work-09.jpg]
[www.themezaa.com/html/leadgen/demo/hotel/images/agency-work-12.jpg]
[www.themezaa.com/html/leadgen/demo/hotel/images/agency-work-15.jpg]
[www.themezaa.com/html/leadgen/demo/hotel/images/agency-work-16.jpg]
[www.themezaa.com/html/leadgen/demo/hotel/images/content-12-d.jpg]
[www.themezaa.com/html/leadgen/demo/hotel/images/content-12-b.jpg]
[www.themezaa.com/html/leadgen/demo/hotel/images/content-12-c.jpg]
[www.themezaa.com/html/leadgen/demo/hotel/images/content-12.jpg]
[www.themezaa.com/html/leadgen/demo/hotel/images/agency-work-01.jpg]
[www.themezaa.com/html/leadgen/demo/hotel/images/agency-work-02.jpg]
[www.themezaa.com/html/leadgen/demo/hotel/images/agency-work-03.jpg]
[www.themezaa.com/html/leadgen/demo/hotel/images/agency-work-04.jpg]
[www.themezaa.com/html/leadgen/demo/hotel/images/agency-work-05.jpg]
[www.themezaa.com/html/leadgen/demo/hotel/images/restaurant-service-icon01.png]
[www.themezaa.com/html/leadgen/demo/hotel/images/restaurant-service-icon02.png]
[www.themezaa.com/html/leadgen/demo/hotel/images/restaurant-service-icon03.png]
[www.themezaa.com/html/leadgen/demo/hotel/images/restaurant-service-icon04.png]
[www.themezaa.com/html/leadgen/demo/hotel/images/wedding-married.png]
[www.themezaa.com/html/leadgen/demo/hotel/images/bg-image/infographic-6.jpg]
[www.themezaa.com/html/leadgen/demo/hotel/images/spa-img28.jpg]
[www.themezaa.com/html/leadgen/demo/hotel/images/spa-img29.jpg]
[www.themezaa.com/html/leadgen/demo/hotel/images/spa-img30.jpg]
[www.themezaa.com/html/leadgen/demo/hotel/images/spa-img31.jpg]
[www.themezaa.com/html/leadgen/demo/hotel/images/avtar-10.jpg]
[www.themezaa.com/html/leadgen/demo/hotel/images/avtar-11.jpg]
[www.themezaa.com/html/leadgen/demo/hotel/images/avtar-12.jpg]
[www.themezaa.com/html/leadgen/demo/hotel/images/bg-image/hero-bg25.jpg]
[www.themezaa.com/html/leadgen/demo/hotel/images/bg-image/hero-bg32.jpg]
[www.themezaa.com/html/leadgen/demo/hotel/images/logo.png]
[www.themezaa.com/html/leadgen/demo/hotel/js/jquery.appear.js]
[www.themezaa.com/html/leadgen/demo/hotel/js/smooth-scroll.js]
[www.themezaa.com/html/leadgen/demo/hotel/js/jquery.min.js]
[www.themezaa.com/html/leadgen/demo/hotel/js/bootstrap.min.js]
[www.themezaa.com/html/leadgen/demo/hotel/js/wow.min.js]
[www.themezaa.com/html/leadgen/demo/hotel/js/imagesloaded.pkgd.min.js]
[www.themezaa.com/html/leadgen/demo/hotel/js/owl.carousel.min.js]
[www.themezaa.com/html/leadgen/demo/hotel/js/jquery.isotope.min.js]
[www.themezaa.com/html/leadgen/demo/hotel/js/jquery.magnific-popup.min.js]
[www.themezaa.com/html/leadgen/demo/hotel/js/jquery.nav.js]
[www.themezaa.com/html/leadgen/demo/hotel/js/equalize.min.js]
[www.themezaa.com/html/leadgen/demo/hotel/js/jquery.fitvids.js]
[www.themezaa.com/html/leadgen/demo/hotel/js/jquery.countTo.js]
[www.themezaa.com/html/leadgen/demo/hotel/js/counter.js]
[www.themezaa.com/html/leadgen/demo/hotel/js/twitterFetcher_min.js]
[www.themezaa.com/html/leadgen/demo/hotel/js/main.js]
[www.themezaa.com/html/leadgen/demo/incs/css/purchase.css]
[www.themezaa.com/html/leadgen/demo/incs/js/purchase.js]
[www.themezaa.com/html/leadgen/demo/hotel/index.html]
[www.themezaa.com/html/leadgen/demo/hotel/css/animate.css]
[www.themezaa.com/html/leadgen/demo/hotel/css/bootstrap.min.css]
[www.themezaa.com/html/leadgen/demo/hotel/fonts/fontawesome-webfont3e6e.eot]
[www.themezaa.com/html/leadgen/demo/hotel/fonts/fontawesome-webfontd41d.eot]
[www.themezaa.com/html/leadgen/demo/hotel/fonts/fontawesome-webfont3e6e.woff]
[www.themezaa.com/html/leadgen/demo/hotel/fonts/fontawesome-webfont3e6e.ttf]
[www.themezaa.com/html/leadgen/demo/hotel/css/font-awesome.min.css]
[www.themezaa.com/html/leadgen/demo/hotel/fonts/themify9f24.eot]
[www.themezaa.com/html/leadgen/demo/hotel/fonts/themifyd41d.eot]
[www.themezaa.com/html/leadgen/demo/hotel/fonts/themify9f24.woff]
[www.themezaa.com/html/leadgen/demo/hotel/fonts/themify9f24.ttf]
[www.themezaa.com/html/leadgen/demo/hotel/css/themify-icons.css]
[www.themezaa.com/html/leadgen/demo/hotel/css/owl.transitions.css]
[www.themezaa.com/html/leadgen/demo/hotel/images/icon/icon-move.png]
[www.themezaa.com/html/leadgen/demo/hotel/images/icon/icon-move-light.png]
[www.themezaa.com/html/leadgen/demo/hotel/images/icon/icon-move-black.png]
[www.themezaa.com/html/leadgen/demo/hotel/css/owl.carousel.css]
[www.themezaa.com/html/leadgen/demo/hotel/images/icon/icon-zoom.png]
[www.themezaa.com/html/leadgen/demo/hotel/images/icon/icon-zoom-out.png]
[www.themezaa.com/html/leadgen/demo/hotel/css/magnific-popup.css]
[www.themezaa.com/html/leadgen/demo/hotel/images/icon/icon-zoom-white.png]
[www.themezaa.com/html/leadgen/demo/hotel/css/base.css]
[www.themezaa.com/html/leadgen/demo/hotel/css/elements.css]
[www.themezaa.com/html/leadgen/demo/hotel/css/responsive.css]
[www.themezaa.com/html/leadgen/demo/incs/images/buy-theme.png]
[www.themezaa.com/html/leadgen/demo/incs/images/quick-question.png]
[www.themezaa.com/html/leadgen/demo/incs/css/purchase.css]
[www.themezaa.com/html/leadgen/demo/hotel/fonts/glyphicons-halflings-regular.html]
[www.themezaa.com/html/leadgen/demo/hotel/fonts/glyphicons-halflings-regulard41d.html]
[www.themezaa.com/html/leadgen/demo/hotel/fonts/glyphicons-halflings-regular-2.html]
[www.themezaa.com/html/leadgen/demo/hotel/fonts/glyphicons-halflings-regular-3.html]
[www.themezaa.com/html/leadgen/demo/hotel/fonts/glyphicons-halflings-regular-4.html]
[www.themezaa.com/html/leadgen/demo/hotel/fonts/glyphicons-halflings-regular-5.html]
[www.themezaa.com/html/leadgen/demo/hotel/fonts/fontawesome-webfont3e6e.html]
[www.themezaa.com/html/leadgen/demo/hotel/fonts/fontawesome-webfont3e6e.svg]
[www.themezaa.com/html/leadgen/demo/hotel/fonts/themify9f24.svg]
