[www.themezaa.com/html/leadgen/demo/product/index.html]
[backblue.gif]
[fade.gif]
[index.html]
[www.themezaa.com/html/leadgen/demo/product/images/icon/favicon.png]
[www.themezaa.com/html/leadgen/demo/product/css/animate.css]
[www.themezaa.com/html/leadgen/demo/product/css/bootstrap.min.css]
[www.themezaa.com/html/leadgen/demo/product/css/font-awesome.min.css]
[www.themezaa.com/html/leadgen/demo/product/css/themify-icons.css]
[www.themezaa.com/html/leadgen/demo/product/css/owl.transitions.css]
[www.themezaa.com/html/leadgen/demo/product/css/owl.carousel.css]
[www.themezaa.com/html/leadgen/demo/product/css/magnific-popup.css]
[www.themezaa.com/html/leadgen/demo/product/css/base.css]
[www.themezaa.com/html/leadgen/demo/product/css/elements.css]
[www.themezaa.com/html/leadgen/demo/product/css/responsive.css]
[www.themezaa.com/html/leadgen/demo/product/images/logo-white.png]
[www.themezaa.com/html/leadgen/demo/product/images/bg-image/agency-slider-01.jpg]
[www.themezaa.com/html/leadgen/demo/product/images/bg-image/agency-slider-02.jpg]
[www.themezaa.com/html/leadgen/demo/product/images/bg-image/agency-slider-03.jpg]
[www.themezaa.com/html/leadgen/demo/product/images/design-screenshot6.png]
[www.themezaa.com/html/leadgen/demo/product/images/agency-work-01.jpg]
[www.themezaa.com/html/leadgen/demo/product/images/agency-work-02.jpg]
[www.themezaa.com/html/leadgen/demo/product/images/agency-work-03.jpg]
[www.themezaa.com/html/leadgen/demo/product/images/agency-work-04.jpg]
[www.themezaa.com/html/leadgen/demo/product/images/content-50.png]
[www.themezaa.com/html/leadgen/demo/product/images/bg-image/hero-bg38.jpg]
[www.themezaa.com/html/leadgen/demo/product/images/application-screenshot-img-01.png]
[www.themezaa.com/html/leadgen/demo/product/images/application-screenshot-img-02.png]
[www.themezaa.com/html/leadgen/demo/product/images/application-screenshot-img-03.png]
[www.themezaa.com/html/leadgen/demo/product/images/application-screenshot-img-04.png]
[www.themezaa.com/html/leadgen/demo/product/images/bg-image/fitness-about-bg.jpg]
[www.themezaa.com/html/leadgen/demo/product/images/banner-2.png]
[www.themezaa.com/html/leadgen/demo/product/images/bg-image/hero-bg40.jpg]
[www.themezaa.com/html/leadgen/demo/product/images/hero-text.png]
[www.themezaa.com/html/leadgen/demo/product/images/avtar-10.jpg]
[www.themezaa.com/html/leadgen/demo/product/images/avtar-11.jpg]
[www.themezaa.com/html/leadgen/demo/product/images/avtar-12.jpg]
[www.themezaa.com/html/leadgen/demo/product/images/avtar-13.jpg]
[www.themezaa.com/html/leadgen/demo/product/images/product-img-01.png]
[www.themezaa.com/html/leadgen/demo/product/images/product-img-02.png]
[www.themezaa.com/html/leadgen/demo/product/images/product-img-03.png]
[www.themezaa.com/html/leadgen/demo/product/images/product-img-04.png]
[www.themezaa.com/html/leadgen/demo/product/images/logo.png]
[www.themezaa.com/html/leadgen/demo/product/js/jquery.appear.js]
[www.themezaa.com/html/leadgen/demo/product/js/smooth-scroll.js]
[www.themezaa.com/html/leadgen/demo/product/js/jquery.min.js]
[www.themezaa.com/html/leadgen/demo/product/js/bootstrap.min.js]
[www.themezaa.com/html/leadgen/demo/product/js/wow.min.js]
[www.themezaa.com/html/leadgen/demo/product/js/owl.carousel.min.js]
[www.themezaa.com/html/leadgen/demo/product/js/imagesloaded.pkgd.min.js]
[www.themezaa.com/html/leadgen/demo/product/js/jquery.isotope.min.js]
[www.themezaa.com/html/leadgen/demo/product/js/jquery.magnific-popup.min.js]
[www.themezaa.com/html/leadgen/demo/product/js/jquery.nav.js]
[www.themezaa.com/html/leadgen/demo/product/js/equalize.min.js]
[www.themezaa.com/html/leadgen/demo/product/js/jquery.fitvids.js]
[www.themezaa.com/html/leadgen/demo/product/js/jquery.countTo.js]
[www.themezaa.com/html/leadgen/demo/product/js/counter.js]
[www.themezaa.com/html/leadgen/demo/product/js/twitterFetcher_min.js]
[www.themezaa.com/html/leadgen/demo/product/js/main.js]
[www.themezaa.com/html/leadgen/demo/incs/css/purchase.css]
[www.themezaa.com/html/leadgen/demo/incs/js/purchase.js]
[www.themezaa.com/html/leadgen/demo/product/index.html]
[www.themezaa.com/html/leadgen/demo/product/css/animate.css]
[www.themezaa.com/html/leadgen/demo/product/css/bootstrap.min.css]
[www.themezaa.com/html/leadgen/demo/product/fonts/fontawesome-webfont3e6e.eot]
[www.themezaa.com/html/leadgen/demo/product/fonts/fontawesome-webfontd41d.eot]
[www.themezaa.com/html/leadgen/demo/product/fonts/fontawesome-webfont3e6e.woff]
[www.themezaa.com/html/leadgen/demo/product/fonts/fontawesome-webfont3e6e.ttf]
[www.themezaa.com/html/leadgen/demo/product/css/font-awesome.min.css]
[www.themezaa.com/html/leadgen/demo/product/fonts/themify9f24.eot]
[www.themezaa.com/html/leadgen/demo/product/fonts/themifyd41d.eot]
[www.themezaa.com/html/leadgen/demo/product/fonts/themify9f24.woff]
[www.themezaa.com/html/leadgen/demo/product/fonts/themify9f24.ttf]
[www.themezaa.com/html/leadgen/demo/product/css/themify-icons.css]
[www.themezaa.com/html/leadgen/demo/product/css/owl.transitions.css]
[www.themezaa.com/html/leadgen/demo/product/images/icon/icon-move.png]
[www.themezaa.com/html/leadgen/demo/product/images/icon/icon-move-light.png]
[www.themezaa.com/html/leadgen/demo/product/css/owl.carousel.css]
[www.themezaa.com/html/leadgen/demo/product/images/icon/icon-move-black.png]
[www.themezaa.com/html/leadgen/demo/product/images/icon/icon-zoom.png]
[www.themezaa.com/html/leadgen/demo/product/images/icon/icon-zoom-out.png]
[www.themezaa.com/html/leadgen/demo/product/css/magnific-popup.css]
[www.themezaa.com/html/leadgen/demo/product/images/icon/icon-zoom-white.png]
[www.themezaa.com/html/leadgen/demo/product/css/base.css]
[www.themezaa.com/html/leadgen/demo/product/css/elements.css]
[www.themezaa.com/html/leadgen/demo/product/css/responsive.css]
[www.themezaa.com/html/leadgen/demo/incs/images/buy-theme.png]
[www.themezaa.com/html/leadgen/demo/incs/images/quick-question.png]
[www.themezaa.com/html/leadgen/demo/incs/css/purchase.css]
[www.themezaa.com/html/leadgen/demo/product/fonts/glyphicons-halflings-regular.html]
[www.themezaa.com/html/leadgen/demo/product/fonts/glyphicons-halflings-regulard41d.html]
[www.themezaa.com/html/leadgen/demo/product/fonts/glyphicons-halflings-regular-2.html]
[www.themezaa.com/html/leadgen/demo/product/fonts/glyphicons-halflings-regular-3.html]
[www.themezaa.com/html/leadgen/demo/product/fonts/glyphicons-halflings-regular-4.html]
[www.themezaa.com/html/leadgen/demo/product/fonts/glyphicons-halflings-regular-5.html]
[www.themezaa.com/html/leadgen/demo/product/fonts/fontawesome-webfont3e6e.html]
[www.themezaa.com/html/leadgen/demo/product/fonts/fontawesome-webfont3e6e.svg]
[www.themezaa.com/html/leadgen/demo/product/fonts/themify9f24.svg]
