[pillar.mediumra.re/home-business-corporate.html]
[backblue.gif]
[fade.gif]
[index.html]
[pillar.mediumra.re/css/bootstrap.css]
[pillar.mediumra.re/css/socicon.css]
[pillar.mediumra.re/css/iconsmind.css]
[pillar.mediumra.re/css/interface-icons.css]
[pillar.mediumra.re/css/owl.carousel.css]
[pillar.mediumra.re/css/lightbox.min.css]
[pillar.mediumra.re/css/theme.css]
[pillar.mediumra.re/css/custom.css]
[pillar.mediumra.re/index.html]
[pillar.mediumra.re/img/logo-large-dark.png]
[pillar.mediumra.re/img/logo-dark.png]
[pillar.mediumra.re/img/logo-light.png]
[pillar.mediumra.re/home-business-classic.html]
[pillar.mediumra.re/home-business-startup.html]
[pillar.mediumra.re/home-business-startup-2.html]
[pillar.mediumra.re/home-business-agency.html]
[pillar.mediumra.re/home-business-creative.html]
[pillar.mediumra.re/home-business-split-cover.html]
[pillar.mediumra.re/home-business-elegant.html]
[pillar.mediumra.re/home-landing-listing-1.html]
[pillar.mediumra.re/home-landing-product-1.html]
[pillar.mediumra.re/home-landing-product-2.html]
[pillar.mediumra.re/home-landing-service-1.html]
[pillar.mediumra.re/home-landing-service-2.html]
[pillar.mediumra.re/home-landing-service-3.html]
[pillar.mediumra.re/home-landing-service-4.html]
[pillar.mediumra.re/home-landing-app.html]
[pillar.mediumra.re/home-niche-politician.html]
[pillar.mediumra.re/home-niche-wedding.html]
[pillar.mediumra.re/home-shop-media.html]
[pillar.mediumra.re/home-shop-slider.html]
[pillar.mediumra.re/home-portfolio-case-studies.html]
[pillar.mediumra.re/home-portfolio-column.html]
[pillar.mediumra.re/home-portfolio-fullwidth.html]
[pillar.mediumra.re/home-portfolio-personal.html]
[pillar.mediumra.re/page-about-company.html]
[pillar.mediumra.re/page-about-process.html]
[pillar.mediumra.re/page-about-team.html]
[pillar.mediumra.re/page-about-team-masonry.html]
[pillar.mediumra.re/page-services-boxes.html]
[pillar.mediumra.re/page-services-cards.html]
[pillar.mediumra.re/page-contact-form-simple.html]
[pillar.mediumra.re/page-contact-map-api.html]
[pillar.mediumra.re/page-contact-map-iframe.html]
[pillar.mediumra.re/page-login.html]
[pillar.mediumra.re/page-signup.html]
[pillar.mediumra.re/404.html]
[pillar.mediumra.re/500.html]
[pillar.mediumra.re/page-utility-coming-soon.html]
[pillar.mediumra.re/page-utility-maintenance.html]
[pillar.mediumra.re/page-utility-privacy.html]
[pillar.mediumra.re/page-utility-results.html]
[pillar.mediumra.re/portfolio-cards-large.html]
[pillar.mediumra.re/portfolio-cards-small.html]
[pillar.mediumra.re/portfolio-masonry-contained.html]
[pillar.mediumra.re/portfolio-masonry-wide.html]
[pillar.mediumra.re/portfolio-vanilla-contained.html]
[pillar.mediumra.re/portfolio-vanilla-wide.html]
[pillar.mediumra.re/portfolio-single-slider.html]
[pillar.mediumra.re/portfolio-single-boxed.html]
[pillar.mediumra.re/portfolio-single-stacked.html]
[pillar.mediumra.re/portfolio-single-stacked-video.html]
[pillar.mediumra.re/portfolio-images-contained.html]
[pillar.mediumra.re/portfolio-images-wide.html]
[pillar.mediumra.re/portfolio-modals-contained.html]
[pillar.mediumra.re/portfolio-modals-wide.html]
[pillar.mediumra.re/portfolio-video-contained.html]
[pillar.mediumra.re/portfolio-video-wide.html]
[pillar.mediumra.re/shop-cards-small.html]
[pillar.mediumra.re/shop-cards-large.html]
[pillar.mediumra.re/shop-cards-sidebar.html]
[pillar.mediumra.re/shop-masonry-wide.html]
[pillar.mediumra.re/shop-masonry-contained.html]
[pillar.mediumra.re/shop-masonry-sidebar.html]
[pillar.mediumra.re/shop-product-centered.html]
[pillar.mediumra.re/shop-product-header.html]
[pillar.mediumra.re/shop-product-vanilla.html]
[pillar.mediumra.re/shop-cart.html]
[pillar.mediumra.re/shop-checkout.html]
[pillar.mediumra.re/blog-cards-large.html]
[pillar.mediumra.re/blog-cards-small.html]
[pillar.mediumra.re/blog-cards-sidebar.html]
[pillar.mediumra.re/blog-vanilla-column.html]
[pillar.mediumra.re/blog-vanilla-sidebar.html]
[pillar.mediumra.re/blog-post-audio.html]
[pillar.mediumra.re/blog-post-image-header.html]
[pillar.mediumra.re/blog-post-vanilla.html]
[pillar.mediumra.re/blog-post-video.html]
[pillar.mediumra.re/elements-accordions.html]
[pillar.mediumra.re/elements-buttons.html]
[pillar.mediumra.re/elements-cards.html]
[pillar.mediumra.re/elements-covers.html]
[pillar.mediumra.re/elements-forms.html]
[pillar.mediumra.re/elements-subscribe-forms.html]
[pillar.mediumra.re/elements-footers.html]
[pillar.mediumra.re/elements-hover-tiles.html]
[pillar.mediumra.re/elements-icon-combinations.html]
[pillar.mediumra.re/elements-maps.html]
[pillar.mediumra.re/elements-modals.html]
[pillar.mediumra.re/elements-navigation.html]
[pillar.mediumra.re/elements-notifications.html]
[pillar.mediumra.re/elements-parallax.html]
[pillar.mediumra.re/elements-pricing.html]
[pillar.mediumra.re/elements-progress-bars.html]
[pillar.mediumra.re/elements-progress-radials.html]
[pillar.mediumra.re/elements-sliders.html]
[pillar.mediumra.re/elements-tabs.html]
[pillar.mediumra.re/elements-testimonials.html]
[pillar.mediumra.re/elements-twitter.html]
[pillar.mediumra.re/elements-typography.html]
[pillar.mediumra.re/elements-video.html]
[pillar.mediumra.re/elements-video-backgrounds.html]
[pillar.mediumra.re/img/product-small-1.png]
[pillar.mediumra.re/img/product-small-2.png]
[pillar.mediumra.re/img/hero28.jpg]
[pillar.mediumra.re/img/hero29.jpg]
[pillar.mediumra.re/variant/builder.html]
[pillar.mediumra.re/img/partner1.png]
[pillar.mediumra.re/img/partner2.png]
[pillar.mediumra.re/img/partner4.png]
[pillar.mediumra.re/img/partner3.png]
[pillar.mediumra.re/img/partner5.png]
[pillar.mediumra.re/img/partner6.png]
[pillar.mediumra.re/img/partner7.png]
[pillar.mediumra.re/js/isotope.min.js]
[pillar.mediumra.re/js/easypiechart.min.js]
[pillar.mediumra.re/js/ytplayer.min.js]
[pillar.mediumra.re/js/lightbox.min.js]
[pillar.mediumra.re/js/twitterfetcher.min.js]
[pillar.mediumra.re/js/jquery-2.1.4.min.js]
[pillar.mediumra.re/js/smooth-scroll.min.js]
[pillar.mediumra.re/js/scrollreveal.min.js]
[pillar.mediumra.re/js/owl.carousel.min.js]
[pillar.mediumra.re/home-business-corporate.html]
[pillar.mediumra.re/js/parallax.js]
[pillar.mediumra.re/js/scripts.js]
[pillar.mediumra.re/css/bootstrap.css]
[pillar.mediumra.re/fonts/socicon.ttf]
[pillar.mediumra.re/css/socicon.css]
[pillar.mediumra.re/fonts/iconsmind48d8.eot]
[pillar.mediumra.re/fonts/iconsmind48d8.woff]
[pillar.mediumra.re/css/iconsmind.css]
[pillar.mediumra.re/fonts/iconsmind48d8.svg]
[pillar.mediumra.re/fonts/pillar-interface576f.woff2]
[pillar.mediumra.re/fonts/pillar-interface576f.eot]
[pillar.mediumra.re/fonts/iconsmind48d8.ttf]
[pillar.mediumra.re/fonts/pillar-interface576f.woff]
[pillar.mediumra.re/fonts/pillar-interface576f.svg]
[pillar.mediumra.re/css/interface-icons.css]
[pillar.mediumra.re/fonts/pillar-interface576f.ttf]
[pillar.mediumra.re/css/owl.carousel.css]
[pillar.mediumra.re/css/lightbox.min.css]
[pillar.mediumra.re/fonts/Montserrat-SemiBold.otf]
[pillar.mediumra.re/css/theme.css]
[pillar.mediumra.re/css/custom.css]
[pillar.mediumra.re/img/thumbs/bg.jpg]
[pillar.mediumra.re/img/logo-large-light.png]
[pillar.mediumra.re/img/thumbs/bg2.jpg]
[pillar.mediumra.re/img/thumbs/home1.jpg]
[pillar.mediumra.re/img/thumbs/home2.jpg]
[pillar.mediumra.re/img/thumbs/home22.jpg]
[pillar.mediumra.re/img/thumbs/home3.jpg]
[pillar.mediumra.re/img/thumbs/home20.jpg]
[pillar.mediumra.re/img/thumbs/home4.jpg]
[pillar.mediumra.re/img/thumbs/home5.jpg]
[pillar.mediumra.re/img/thumbs/home6.jpg]
[pillar.mediumra.re/img/thumbs/home23.jpg]
[pillar.mediumra.re/img/thumbs/home7.jpg]
[pillar.mediumra.re/img/thumbs/home21.jpg]
[pillar.mediumra.re/img/thumbs/home8.jpg]
[pillar.mediumra.re/img/thumbs/home9.jpg]
[pillar.mediumra.re/img/thumbs/home10.jpg]
[pillar.mediumra.re/img/thumbs/home11.jpg]
[pillar.mediumra.re/img/thumbs/home12.jpg]
[pillar.mediumra.re/img/thumbs/home13.jpg]
[pillar.mediumra.re/img/thumbs/home14.jpg]
[pillar.mediumra.re/img/thumbs/home15.jpg]
[pillar.mediumra.re/img/thumbs/home16.jpg]
[pillar.mediumra.re/img/thumbs/home17.jpg]
[pillar.mediumra.re/img/thumbs/home18.jpg]
[pillar.mediumra.re/img/thumbs/home19.jpg]
[pillar.mediumra.re/img/thumbs/chooser2.jpg]
[pillar.mediumra.re/index.html]
[pillar.mediumra.re/img/hero1.jpg]
[pillar.mediumra.re/img/work6.jpg]
[pillar.mediumra.re/img/work2.jpg]
[pillar.mediumra.re/img/work7.jpg]
[pillar.mediumra.re/img/work5.jpg]
[pillar.mediumra.re/img/work10.jpg]
[pillar.mediumra.re/img/work12.jpg]
[pillar.mediumra.re/img/avatar-team-5.jpg]
[pillar.mediumra.re/img/avatar-team-4.jpg]
[pillar.mediumra.re/img/avatar-team-6.jpg]
[pillar.mediumra.re/img/hero2.jpg]
[pillar.mediumra.re/img/avatar-large-2.png]
[pillar.mediumra.re/img/small9.jpg]
[pillar.mediumra.re/img/small6.jpg]
[pillar.mediumra.re/img/small1.jpg]
[pillar.mediumra.re/home-business-classic.html]
[pillar.mediumra.re/img/hero7.jpg]
[pillar.mediumra.re/img/hero8.jpg]
[pillar.mediumra.re/img/avatar-large-1.png]
[pillar.mediumra.re/img/avatar-large-3.png]
[pillar.mediumra.re/img/hero10.jpg]
[pillar.mediumra.re/home-business-startup.html]
[pillar.mediumra.re/css/font-karlaopensans.css]
[pillar.mediumra.re/img/startup-1.jpg]
[pillar.mediumra.re/img/startup-3.jpg]
[pillar.mediumra.re/img/startup-2.jpg]
[pillar.mediumra.re/img/avatar-small-1.png]
[pillar.mediumra.re/img/avatar-small-2.png]
[pillar.mediumra.re/img/avatar-small-3.png]
[pillar.mediumra.re/home-business-startup-2.html]
[pillar.mediumra.re/img/hero3.jpg]
[pillar.mediumra.re/img/hero4.jpg]
[pillar.mediumra.re/img/avatar-team-1.jpg]
[pillar.mediumra.re/img/avatar-team-3.jpg]
[pillar.mediumra.re/img/work11.jpg]
[pillar.mediumra.re/img/work14.jpg]
[pillar.mediumra.re/img/work15.jpg]
[pillar.mediumra.re/home-business-agency.html]
[pillar.mediumra.re/img/large11.jpg]
[pillar.mediumra.re/img/hero5.jpg]
[pillar.mediumra.re/img/work17.jpg]
[pillar.mediumra.re/home-business-creative.html]
[pillar.mediumra.re/img/hero6.jpg]
[pillar.mediumra.re/home-business-split-cover.html]
[pillar.mediumra.re/img/hero27.jpg]
[pillar.mediumra.re/img/work18.jpg]
[pillar.mediumra.re/img/hero11.jpg]
[pillar.mediumra.re/home-business-elegant.html]
[pillar.mediumra.re/img/tour-2.jpg]
[pillar.mediumra.re/img/tour-1.jpg]
[pillar.mediumra.re/img/tour-3.jpg]
[pillar.mediumra.re/img/tour-7.jpg]
[pillar.mediumra.re/img/tour-6.jpg]
[pillar.mediumra.re/img/tour-4.jpg]
[pillar.mediumra.re/img/tour-8.jpg]
[pillar.mediumra.re/img/tour-5.jpg]
[pillar.mediumra.re/home-landing-listing-1.html]
[pillar.mediumra.re/img/hero12.jpg]
[pillar.mediumra.re/img/feature-1.png]
[pillar.mediumra.re/img/hero13.jpg]
[pillar.mediumra.re/home-landing-product-1.html]
[pillar.mediumra.re/img/hero14.jpg]
[pillar.mediumra.re/img/hero15.jpg]
[pillar.mediumra.re/home-landing-product-2.html]
[pillar.mediumra.re/img/hero16.jpg]
[pillar.mediumra.re/img/hero17.jpg]
[pillar.mediumra.re/home-landing-service-1.html]
[pillar.mediumra.re/img/hero18.jpg]
[pillar.mediumra.re/home-landing-service-2.html]
[pillar.mediumra.re/video/video.webm]
[pillar.mediumra.re/video/video.mp4]
[pillar.mediumra.re/video/video.ogv]
[pillar.mediumra.re/img/video.jpg]
[pillar.mediumra.re/home-landing-service-3.html]
[pillar.mediumra.re/img/hero26.jpg]
[pillar.mediumra.re/home-landing-service-4.html]
[pillar.mediumra.re/img/device1.png]
[pillar.mediumra.re/img/project-single-4.jpg]
[pillar.mediumra.re/img/device2.png]
[pillar.mediumra.re/img/app-screenshot-1.jpg]
[pillar.mediumra.re/img/app-screenshot-2.jpg]
[pillar.mediumra.re/img/app-screenshot-3.jpg]
[pillar.mediumra.re/img/app-screenshot-4.jpg]
[pillar.mediumra.re/img/app-screenshot-5.jpg]
[pillar.mediumra.re/img/app-screenshot-6.jpg]
[pillar.mediumra.re/home-landing-app.html]
[pillar.mediumra.re/css/font-mulilato.css]
[pillar.mediumra.re/img/political-1.jpg]
[pillar.mediumra.re/img/political-2.jpg]
[pillar.mediumra.re/img/political-3.jpg]
[pillar.mediumra.re/img/political-4.jpg]
[pillar.mediumra.re/img/political-5.jpg]
[pillar.mediumra.re/home-niche-politician.html]
[pillar.mediumra.re/img/wedding-1.jpg]
[pillar.mediumra.re/img/wedding-2.jpg]
[pillar.mediumra.re/img/wedding-3.jpg]
[pillar.mediumra.re/img/wedding-4.jpg]
[union.mediumra.re/img/r1.png]
[union.mediumra.re/img/r2.png]
[union.mediumra.re/img/r3.png]
[union.mediumra.re/img/r4.png]
[pillar.mediumra.re/home-niche-wedding.html]
[pillar.mediumra.re/img/hero19.jpg]
[pillar.mediumra.re/img/signature.png]
[pillar.mediumra.re/img/product-large-1.jpg]
[pillar.mediumra.re/img/product-large-3.jpg]
[pillar.mediumra.re/img/product-large-4.jpg]
[pillar.mediumra.re/img/product-large-5.jpg]
[pillar.mediumra.re/img/product-large-8.jpg]
[pillar.mediumra.re/img/product-large-2.jpg]
[pillar.mediumra.re/img/product-large-6.jpg]
[pillar.mediumra.re/img/product-large-9.jpg]
[pillar.mediumra.re/img/product-large-10.jpg]
[pillar.mediumra.re/img/product-large-11.jpg]
[pillar.mediumra.re/img/product-large-12.jpg]
[pillar.mediumra.re/img/product-large-7.jpg]
[pillar.mediumra.re/img/header4.jpg]
[pillar.mediumra.re/home-shop-media.html]
[pillar.mediumra.re/img/hero20.jpg]
[pillar.mediumra.re/img/shop-aux-1.jpg]
[pillar.mediumra.re/img/shop-aux-2.jpg]
[pillar.mediumra.re/img/shop-aux-3.jpg]
[pillar.mediumra.re/home-shop-slider.html]
[pillar.mediumra.re/img/case-study-large-2.jpg]
[pillar.mediumra.re/img/case-study-large-3.jpg]
[pillar.mediumra.re/img/case-study-large-1.jpg]
[pillar.mediumra.re/home-portfolio-case-studies.html]
[pillar.mediumra.re/img/hero21.jpg]
[pillar.mediumra.re/home-portfolio-column.html]
[pillar.mediumra.re/img/hero22.jpg]
[pillar.mediumra.re/home-portfolio-fullwidth.html]
[pillar.mediumra.re/img/hero23.jpg]
[pillar.mediumra.re/home-portfolio-personal.html]
[pillar.mediumra.re/img/inner1.jpg]
[pillar.mediumra.re/img/inner2.jpg]
[pillar.mediumra.re/page-about-company.html]
[pillar.mediumra.re/page-about-process.html]
[pillar.mediumra.re/img/avatar-team-2.jpg]
[pillar.mediumra.re/page-about-team.html]
[pillar.mediumra.re/img/avatar-team-7.jpg]
[pillar.mediumra.re/img/avatar-team-8.jpg]
[pillar.mediumra.re/page-about-team-masonry.html]
[pillar.mediumra.re/img/hero25.jpg]
[pillar.mediumra.re/img/hero24.jpg]
[pillar.mediumra.re/page-services-boxes.html]
[pillar.mediumra.re/page-services-cards.html]
[pillar.mediumra.re/page-contact-form-simple.html]
[pillar.mediumra.re/page-contact-map-api.html]
[pillar.mediumra.re/page-contact-map-iframe.html]
[pillar.mediumra.re/page-login.html]
[pillar.mediumra.re/page-signup.html]
[pillar.mediumra.re/404.html]
[pillar.mediumra.re/500.html]
[pillar.mediumra.re/video/video-2.webm]
[pillar.mediumra.re/video/video-2.mp4]
[pillar.mediumra.re/video/video-2.ogv]
[pillar.mediumra.re/img/video-2-poster.jpg]
[pillar.mediumra.re/page-utility-coming-soon.html]
[pillar.mediumra.re/page-utility-maintenance.html]
[pillar.mediumra.re/page-utility-privacy.html]
[pillar.mediumra.re/page-utility-results.html]
[pillar.mediumra.re/img/header2.jpg]
[pillar.mediumra.re/portfolio-cards-large.html]
[pillar.mediumra.re/portfolio-cards-small.html]
[pillar.mediumra.re/portfolio-masonry-contained.html]
[pillar.mediumra.re/portfolio-masonry-wide.html]
[pillar.mediumra.re/portfolio-vanilla-contained.html]
[pillar.mediumra.re/portfolio-vanilla-wide.html]
[pillar.mediumra.re/img/project-single-1.jpg]
[pillar.mediumra.re/img/project-single-3.jpg]
[pillar.mediumra.re/img/avatar-small-6.png]
[pillar.mediumra.re/portfolio-single-slider.html]
[pillar.mediumra.re/img/project-single-2.jpg]
[pillar.mediumra.re/portfolio-single-boxed.html]
[pillar.mediumra.re/portfolio-single-stacked.html]
[pillar.mediumra.re/portfolio-single-stacked-video.html]
[pillar.mediumra.re/img/small2.jpg]
[pillar.mediumra.re/img/small4.jpg]
[pillar.mediumra.re/img/small5.jpg]
[pillar.mediumra.re/img/small10.jpg]
[pillar.mediumra.re/img/small12.jpg]
[pillar.mediumra.re/portfolio-images-contained.html]
[pillar.mediumra.re/img/small8.jpg]
[pillar.mediumra.re/portfolio-images-wide.html]
[pillar.mediumra.re/portfolio-modals-contained.html]
[pillar.mediumra.re/portfolio-modals-wide.html]
[pillar.mediumra.re/portfolio-video-contained.html]
[pillar.mediumra.re/portfolio-video-wide.html]
[pillar.mediumra.re/shop-cards-small.html]
[pillar.mediumra.re/shop-cards-large.html]
[pillar.mediumra.re/shop-cards-sidebar.html]
[pillar.mediumra.re/shop-masonry-wide.html]
[pillar.mediumra.re/shop-masonry-contained.html]
[pillar.mediumra.re/shop-masonry-sidebar.html]
[pillar.mediumra.re/img/product-single-5.jpg]
[pillar.mediumra.re/img/product-single-4.jpg]
[pillar.mediumra.re/img/avatar-small-4.png]
[pillar.mediumra.re/shop-product-centered.html]
[pillar.mediumra.re/img/product-single-6.jpg]
[pillar.mediumra.re/img/product-single-7.jpg]
[pillar.mediumra.re/shop-product-header.html]
[pillar.mediumra.re/img/product-single-1.jpg]
[pillar.mediumra.re/img/product-single-2.jpg]
[pillar.mediumra.re/img/product-single-3.jpg]
[pillar.mediumra.re/shop-product-vanilla.html]
[pillar.mediumra.re/shop-cart.html]
[pillar.mediumra.re/shop-checkout.html]
[pillar.mediumra.re/blog-cards-large.html]
[pillar.mediumra.re/img/small3.jpg]
[pillar.mediumra.re/img/small7.jpg]
[pillar.mediumra.re/blog-cards-small.html]
[pillar.mediumra.re/blog-cards-sidebar.html]
[pillar.mediumra.re/blog-vanilla-column.html]
[pillar.mediumra.re/blog-vanilla-sidebar.html]
[pillar.mediumra.re/blog-post-audio.html]
[pillar.mediumra.re/blog-post-image-header.html]
[pillar.mediumra.re/blog-post-vanilla.html]
[pillar.mediumra.re/blog-post-video.html]
[pillar.mediumra.re/elements-accordions.html]
[pillar.mediumra.re/elements-buttons.html]
[pillar.mediumra.re/img/work4.jpg]
[pillar.mediumra.re/elements-cards.html]
[pillar.mediumra.re/img/large7.jpg]
[pillar.mediumra.re/elements-covers.html]
[pillar.mediumra.re/elements-forms.html]
[pillar.mediumra.re/elements-subscribe-forms.html]
[pillar.mediumra.re/elements-footers.html]
[pillar.mediumra.re/elements-hover-tiles.html]
[pillar.mediumra.re/elements-icon-combinations.html]
[pillar.mediumra.re/elements-maps.html]
[pillar.mediumra.re/img/small11.jpg]
[pillar.mediumra.re/elements-modals.html]
[pillar.mediumra.re/elements-navigation-navbar.html]
[pillar.mediumra.re/img/nav-type-1.jpg]
[pillar.mediumra.re/elements-navigation-navutility.html]
[pillar.mediumra.re/img/nav-type-2.jpg]
[pillar.mediumra.re/elements-navigation-stack.html]
[pillar.mediumra.re/img/nav-type-4.jpg]
[pillar.mediumra.re/elements-navigation-navoffscreen.html]
[pillar.mediumra.re/img/nav-type-3.jpg]
[pillar.mediumra.re/elements-navigation-slide.html]
[pillar.mediumra.re/img/nav-type-5.jpg]
[pillar.mediumra.re/elements-navigation.html]
[pillar.mediumra.re/elements-notifications.html]
[pillar.mediumra.re/elements-parallax.html]
[pillar.mediumra.re/elements-pricing.html]
[pillar.mediumra.re/elements-progress-bars.html]
[pillar.mediumra.re/elements-progress-radials.html]
[pillar.mediumra.re/elements-sliders.html]
[pillar.mediumra.re/elements-tabs.html]
[pillar.mediumra.re/elements-testimonials.html]
[pillar.mediumra.re/elements-twitter.html]
[pillar.mediumra.re/elements-typography.html]
[pillar.mediumra.re/elements-video.html]
[pillar.mediumra.re/elements-video-backgrounds.html]
[pillar.mediumra.re/variant/css/variant-icons.css]
[pillar.mediumra.re/variant/css/variant-social-icons.css]
[pillar.mediumra.re/variant/css/normalize.css]
[pillar.mediumra.re/variant/css/style.css]
[pillar.mediumra.re/variant/theme/css/bootstrap.css]
[pillar.mediumra.re/variant/theme/css/socicon.css]
[pillar.mediumra.re/variant/theme/css/interface-icons.css]
[pillar.mediumra.re/variant/theme/css/iconsmind.css]
[pillar.mediumra.re/variant/theme/css/owl.carousel.css]
[pillar.mediumra.re/variant/theme/css/lightbox.min.css]
[pillar.mediumra.re/variant/theme/css/theme.css]
[pillar.mediumra.re/variant/theme/css/custom.css]
[pillar.mediumra.re/variant/img/full-logo.png]
[pillar.mediumra.re/variant/img/mrare.png]
[pillar.mediumra.re/variant/js/jquery.js]
[pillar.mediumra.re/variant/js/underscore.min.js]
[pillar.mediumra.re/variant/theme/js/isotope.min.js]
[pillar.mediumra.re/variant/theme/js/ytplayer.min.js]
[pillar.mediumra.re/variant/theme/js/owl.carousel.min.js]
[pillar.mediumra.re/variant/theme/js/lightbox.min.js]
[pillar.mediumra.re/variant/theme/js/twitterfetcher.min.js]
[pillar.mediumra.re/variant/theme/js/easypiechart.min.js]
[pillar.mediumra.re/variant/theme/js/smooth-scroll.min.js]
[pillar.mediumra.re/variant/theme/js/scrollreveal.min.js]
[pillar.mediumra.re/variant/theme/js/parallax.js]
[pillar.mediumra.re/variant/theme/js/scripts.js]
[pillar.mediumra.re/variant/js/alterClass.js]
[pillar.mediumra.re/variant/js/jquery-ui-1.10.4.custom.min.js]
[pillar.mediumra.re/variant/js/storage2.js]
[pillar.mediumra.re/variant/js/simpleModal.js]
[pillar.mediumra.re/variant/js/jsZip.js]
[pillar.mediumra.re/variant/js/saveAs.js]
[pillar.mediumra.re/variant/js/variant.js]
[pillar.mediumra.re/variant/builder.html]
[pillar.mediumra.re/fonts/glyphicons-halflings-regular.html]
[pillar.mediumra.re/fonts/glyphicons-halflings-regulard41d.html]
[pillar.mediumra.re/fonts/glyphicons-halflings-regular-2.html]
[pillar.mediumra.re/fonts/glyphicons-halflings-regular-3.html]
[pillar.mediumra.re/fonts/glyphicons-halflings-regular-4.html]
[pillar.mediumra.re/fonts/iconsmind48d8.svg]
[pillar.mediumra.re/fonts/pillar-interface576f.svg]
[pillar.mediumra.re/css/owl.video.play.html]
[pillar.mediumra.re/img/thumbs/home24.html]
[pillar.mediumra.re/css/font-karlaopensans.css]
[pillar.mediumra.re/css/https_/fonts.googleapis.com/cssba35.html]
[pillar.mediumra.re/video/video.mp4]
[pillar.mediumra.re/css/font-mulilato.css]
[pillar.mediumra.re/css.html]
[pillar.mediumra.re/elements-navigation-navbar.html]
[pillar.mediumra.re/elements-navigation-navutility.html]
[pillar.mediumra.re/elements-navigation-stack.html]
[pillar.mediumra.re/elements-navigation-navoffscreen.html]
[pillar.mediumra.re/elements-navigation-slide.html]
[pillar.mediumra.re/variant/fonts/variant-icons.eot]
[pillar.mediumra.re/variant/fonts/variant-icons.otf]
[pillar.mediumra.re/variant/fonts/variant-icons.woff]
[pillar.mediumra.re/variant/css/variant-icons.css]
[pillar.mediumra.re/variant/fonts/variant-iconsd41d.eot]
[pillar.mediumra.re/variant/fonts/variant-icons.svg]
[pillar.mediumra.re/variant/fonts/variant-social.eot]
[pillar.mediumra.re/variant/fonts/variant-social.woff]
[pillar.mediumra.re/variant/fonts/variant-social.ttf]
[pillar.mediumra.re/variant/fonts/variant-social.svg]
[pillar.mediumra.re/variant/css/variant-social-icons.css]
[pillar.mediumra.re/variant/css/normalize.css]
[pillar.mediumra.re/variant/fonts/variant-icons.ttf]
[pillar.mediumra.re/variant/fonts/variant-sociald41d.eot]
[pillar.mediumra.re/variant/img/checkerboard.png]
[pillar.mediumra.re/variant/css/style.css]
[pillar.mediumra.re/variant/theme/css/bootstrap.css]
[pillar.mediumra.re/variant/theme/fonts/socicon.ttf]
[pillar.mediumra.re/variant/theme/css/socicon.css]
[pillar.mediumra.re/variant/theme/fonts/pillar-interface576f.eot]
[pillar.mediumra.re/variant/theme/fonts/pillar-interface576f.woff2]
[pillar.mediumra.re/variant/theme/fonts/pillar-interface576f.woff]
[pillar.mediumra.re/variant/theme/fonts/pillar-interface576f.ttf]
[pillar.mediumra.re/variant/theme/fonts/pillar-interface576f.svg]
[pillar.mediumra.re/variant/theme/css/interface-icons.css]
[pillar.mediumra.re/variant/theme/fonts/iconsmind.woff]
[pillar.mediumra.re/variant/theme/css/iconsmind.css]
[pillar.mediumra.re/variant/theme/css/owl.carousel.css]
[pillar.mediumra.re/variant/theme/css/lightbox.min.css]
[pillar.mediumra.re/variant/theme/fonts/Montserrat-SemiBold.otf]
[pillar.mediumra.re/variant/theme/css/theme.css]
[pillar.mediumra.re/variant/theme/css/custom.css]
[pillar.mediumra.re/variant/variant/builder.html]
[pillar.mediumra.re/variant/img/small1.html]
[pillar.mediumra.re/variant/page-contact-form-simple.html]
[pillar.mediumra.re/variant/index.html]
[pillar.mediumra.re/variant/fonts/variant-icons.svg]
[pillar.mediumra.re/variant/fonts/variant-social.svg]
[pillar.mediumra.re/variant/img/index.html]
[pillar.mediumra.re/variant/theme/fonts/glyphicons-halflings-regular.html]
[pillar.mediumra.re/variant/theme/fonts/glyphicons-halflings-regulard41d.html]
[pillar.mediumra.re/variant/theme/fonts/glyphicons-halflings-regular-2.html]
[pillar.mediumra.re/variant/theme/fonts/glyphicons-halflings-regular-3.html]
[pillar.mediumra.re/variant/theme/fonts/glyphicons-halflings-regular-4.html]
[pillar.mediumra.re/variant/theme/fonts/pillar-interface576f.svg]
[pillar.mediumra.re/variant/theme/fonts/iconsmindd41d.eot]
[pillar.mediumra.re/variant/theme/fonts/iconsmind.ttf]
[pillar.mediumra.re/variant/theme/css/owl.video.play.html]
